// Jest Snapshot v1, https://goo.gl/fbAQLP

exports[`GalleryPage component should take snapshot 1`] = `
<Styled(Container)>
  <Row />
</Styled(Container)>
`;
