// Jest Snapshot v1, https://goo.gl/fbAQLP

exports[`Footer component should render Footer 1`] = `
<styled.div>
  <styled.div>
    Â© 2021
  </styled.div>
</styled.div>
`;
