// Jest Snapshot v1, https://goo.gl/fbAQLP

exports[`Header component should render Header and take snapshot 1`] = `
<styled.h1>
  Test App
</styled.h1>
`;
